Archive member included to satisfy reference by file (symbol)

c:/efinity/efinity-riscv-ide-2023.1.3/toolchain/bin/../lib/gcc/riscv-none-embed/8.3.0/../../../../riscv-none-embed/lib/rv32im/ilp32\libc.a(lib_a-init.o)
                              build/obj_files/start.o (__libc_init_array)

Discarded input sections

 .group         0x0000000000000000        0xc build/obj_files/main.o
 .group         0x0000000000000000        0xc build/obj_files/main.o
 .group         0x0000000000000000        0xc build/obj_files/main.o
 .group         0x0000000000000000        0xc build/obj_files/main.o
 .group         0x0000000000000000        0xc build/obj_files/main.o
 .group         0x0000000000000000        0xc build/obj_files/main.o
 .group         0x0000000000000000        0xc build/obj_files/main.o
 .group         0x0000000000000000        0xc build/obj_files/main.o
 .group         0x0000000000000000        0xc build/obj_files/main.o
 .group         0x0000000000000000        0xc build/obj_files/main.o
 .group         0x0000000000000000        0xc build/obj_files/main.o
 .group         0x0000000000000000        0xc build/obj_files/main.o
 .group         0x0000000000000000        0xc build/obj_files/main.o
 .group         0x0000000000000000        0xc build/obj_files/main.o
 .group         0x0000000000000000        0xc build/obj_files/main.o
 .group         0x0000000000000000        0xc build/obj_files/main.o
 .group         0x0000000000000000        0xc build/obj_files/main.o
 .group         0x0000000000000000        0xc build/obj_files/main.o
 .group         0x0000000000000000        0xc build/obj_files/main.o
 .group         0x0000000000000000        0xc build/obj_files/main.o
 .group         0x0000000000000000        0xc build/obj_files/main.o
 .group         0x0000000000000000        0xc build/obj_files/main.o
 .group         0x0000000000000000        0xc build/obj_files/main.o
 .group         0x0000000000000000        0xc build/obj_files/main.o
 .group         0x0000000000000000        0xc build/obj_files/main.o
 .group         0x0000000000000000        0xc build/obj_files/main.o
 .group         0x0000000000000000        0xc build/obj_files/main.o
 .group         0x0000000000000000        0xc build/obj_files/main.o
 .group         0x0000000000000000        0xc build/obj_files/main.o
 .group         0x0000000000000000        0xc build/obj_files/main.o
 .group         0x0000000000000000        0xc build/obj_files/main.o
 .group         0x0000000000000000        0xc build/obj_files/main.o
 .group         0x0000000000000000        0xc build/obj_files/main.o
 .group         0x0000000000000000        0xc build/obj_files/main.o
 .group         0x0000000000000000        0xc build/obj_files/main.o
 .group         0x0000000000000000        0xc build/obj_files/main.o
 .group         0x0000000000000000        0xc build/obj_files/main.o
 .group         0x0000000000000000        0xc build/obj_files/main.o
 .group         0x0000000000000000        0xc build/obj_files/main.o

Memory Configuration

Name             Origin             Length             Attributes
rom              0x00000000f9007800 0x0000000000000800 xr
ram              0x00000000f9087800 0x0000000000000800 axwl !r
*default*        0x0000000000000000 0xffffffffffffffff

Linker script and memory map

LOAD build/obj_files/main.o
LOAD build/obj_files/start.o
LOAD c:/efinity/efinity-riscv-ide-2023.1.3/toolchain/bin/../lib/gcc/riscv-none-embed/8.3.0/../../../../riscv-none-embed/lib/rv32im/ilp32\libc.a
LOAD c:/efinity/efinity-riscv-ide-2023.1.3/toolchain/bin/../lib/gcc/riscv-none-embed/8.3.0/rv32im/ilp32\libgcc.a
                0x0000000000000400                __stack_size = DEFINED (__stack_size)?__stack_size:0x400
                0x00000000f9007800                . = 0xf9007800

.rom_section.init
                0x00000000f9007800       0x58
 *(SORT_NONE(.init))
 .init          0x00000000f9007800       0x58 build/obj_files/start.o
                0x00000000f9007800                _start
                0x00000000f9007854                _init

.rom_section.text
                0x00000000f9007858      0x554
 *(.text.Proc_1)
 *(.text.Proc_2)
 *(.text.Proc_3)
 *(.text.Proc_4)
 *(.text.Proc_5)
 *(.text.Proc_6)
 *(.text.Proc_7)
 *(.text.Proc_8)
 *(.text.Func_1)
 *(.text.Func_2)
 *(.text.Func_3)
 *(.text.strcpy)
 *libc.a:*(.text .text.*)
 .text          0x00000000f9007858        0x0 c:/efinity/efinity-riscv-ide-2023.1.3/toolchain/bin/../lib/gcc/riscv-none-embed/8.3.0/../../../../riscv-none-embed/lib/rv32im/ilp32\libc.a(lib_a-init.o)
 .text.__libc_init_array
                0x00000000f9007858       0x84 c:/efinity/efinity-riscv-ide-2023.1.3/toolchain/bin/../lib/gcc/riscv-none-embed/8.3.0/../../../../riscv-none-embed/lib/rv32im/ilp32\libc.a(lib_a-init.o)
                0x00000000f9007858                __libc_init_array
 *(.text.main)
 *(.text.unlikely .text.unlikely.*)
 *(.text.startup .text.startup.*)
 *(.text .text.*)
 .text          0x00000000f90078dc      0x4d0 build/obj_files/main.o
                0x00000000f9007d08                bspMain
                0x00000000f9007d94                main
 .text          0x00000000f9007dac        0x0 build/obj_files/start.o
 *(.gnu.linkonce.t.*)
 *(.note.gnu.build-id)

.rela.dyn       0x00000000f9007dac        0x0
 .rela.init     0x00000000f9007dac        0x0 build/obj_files/main.o
 .rela.text.__libc_init_array
                0x00000000f9007dac        0x0 build/obj_files/main.o

.rom_section.fini
 *(SORT_NONE(.fini))
                [!provide]                        PROVIDE (__etext = .)
                [!provide]                        PROVIDE (_etext = .)
                [!provide]                        PROVIDE (etext = .)
                0x00000000f9007dac                . = ALIGN (0x4)
                0x00000000f9087800                . = 0xf9087800

.ram_section.preinit_array
                0x00000000f9087800        0x0
                0x00000000f9087800                PROVIDE (__preinit_array_start = .)
 *(.preinit_array)
                0x00000000f9087800                PROVIDE (__preinit_array_end = .)

.ram_section.init_array
                0x00000000f9087800        0x0
                0x00000000f9087800                PROVIDE (__init_array_start = .)
 *(SORT_BY_INIT_PRIORITY(.init_array.*) SORT_BY_INIT_PRIORITY(.ctors.*))
 *(.init_array EXCLUDE_FILE(*crtend?.o *crtend.o *crtbegin?.o *crtbegin.o) .ctors)
                0x00000000f9087800                PROVIDE (__init_array_end = .)

.ram_section.fini_array
                0x00000000f9087800        0x0
                [!provide]                        PROVIDE (__fini_array_start = .)
 *(SORT_BY_INIT_PRIORITY(.fini_array.*) SORT_BY_INIT_PRIORITY(.dtors.*))
 *(.fini_array EXCLUDE_FILE(*crtend?.o *crtend.o *crtbegin?.o *crtbegin.o) .dtors)
                [!provide]                        PROVIDE (__fini_array_end = .)

.ram_section.ctors
 *crtbegin.o(.ctors)
 *crtbegin?.o(.ctors)
 *(EXCLUDE_FILE(*crtend?.o *crtend.o) .ctors)
 *(SORT_BY_NAME(.ctors.*))
 *(.ctors)

.ram_section.dtors
 *crtbegin.o(.dtors)
 *crtbegin?.o(.dtors)
 *(EXCLUDE_FILE(*crtend?.o *crtend.o) .dtors)
 *(SORT_BY_NAME(.dtors.*))
 *(.dtors)

.ram_section.lalign
                0x00000000f9087800        0x0
                0x00000000f9087800                . = ALIGN (0x4)
                0x00000000f9087800                PROVIDE (_data_lma = .)

.ram_section.dalign
                0x00000000f9087800        0x0
                0x00000000f9087800                . = ALIGN (0x4)
                0x00000000f9087800                PROVIDE (_data = .)

.ram_section.data
                0x00000000f9087800        0xa
 *(.rdata)
 *(.rodata .rodata.*)
 *(.gnu.linkonce.r.*)
 *(.data .data.*)
 .data          0x00000000f9087800        0x0 build/obj_files/main.o
 .data          0x00000000f9087800        0x0 build/obj_files/start.o
 .data          0x00000000f9087800        0x0 c:/efinity/efinity-riscv-ide-2023.1.3/toolchain/bin/../lib/gcc/riscv-none-embed/8.3.0/../../../../riscv-none-embed/lib/rv32im/ilp32\libc.a(lib_a-init.o)
 *(.gnu.linkonce.d.*)
                0x00000000f9087800                . = ALIGN (0x8)
                0x00000000f9087ff0                PROVIDE (__global_pointer$ = (. + 0x7f0))
 *(.sdata .sdata.*)
 *(.gnu.linkonce.s.*)
                0x00000000f9087800                . = ALIGN (0x8)
 *(.srodata.cst16)
 *(.srodata.cst8)
 *(.srodata.cst4)
 *(.srodata.cst2)
 *(.srodata .srodata.*)
                0x00000000f908780a                . = (. + 0xa)
 *fill*         0x00000000f9087800        0xa 
                0x00000000f908780c                . = ALIGN (0x4)
                0x00000000f908780c                PROVIDE (_edata = .)
                [!provide]                        PROVIDE (edata = .)
                [!provide]                        PROVIDE (_fbss = .)
                0x00000000f908780c                PROVIDE (__bss_start = .)

.ram_section.bss
                0x00000000f908780a        0x2
 *(.sbss*)
 *(.gnu.linkonce.sb.*)
 *(.bss .bss.*)
 .bss           0x00000000f908780a        0x0 build/obj_files/main.o
 .bss           0x00000000f908780a        0x0 build/obj_files/start.o
 .bss           0x00000000f908780a        0x0 c:/efinity/efinity-riscv-ide-2023.1.3/toolchain/bin/../lib/gcc/riscv-none-embed/8.3.0/../../../../riscv-none-embed/lib/rv32im/ilp32\libc.a(lib_a-init.o)
 *(.gnu.linkonce.b.*)
 *(COMMON)
                0x00000000f908780c                . = ALIGN (0x4)
 *fill*         0x00000000f908780a        0x2 
                0x00000000f9087810                . = ALIGN (0x8)
                0x00000000f9087810                PROVIDE (_end = .)
                [!provide]                        PROVIDE (end = .)

.ram_section.stack
                0x00000000f9087810      0x400
                [!provide]                        PROVIDE (_heap_end = .)
                0x0000000000000400                . = __stack_size
 *fill*         0x00000000f9087810      0x400 
                0x00000000f9087c10                PROVIDE (_sp = .)
                0x00000000f9087c10                __freertos_irq_stack_top = .
LOAD c:/efinity/efinity-riscv-ide-2023.1.3/toolchain/bin/../lib/gcc/riscv-none-embed/8.3.0/../../../../riscv-none-embed/lib/rv32im/ilp32\libm.a
LOAD c:/efinity/efinity-riscv-ide-2023.1.3/toolchain/bin/../lib/gcc/riscv-none-embed/8.3.0/rv32im/ilp32\libgcc.a
START GROUP
LOAD c:/efinity/efinity-riscv-ide-2023.1.3/toolchain/bin/../lib/gcc/riscv-none-embed/8.3.0/rv32im/ilp32\libgcc.a
LOAD c:/efinity/efinity-riscv-ide-2023.1.3/toolchain/bin/../lib/gcc/riscv-none-embed/8.3.0/../../../../riscv-none-embed/lib/rv32im/ilp32\libg.a
LOAD c:/efinity/efinity-riscv-ide-2023.1.3/toolchain/bin/../lib/gcc/riscv-none-embed/8.3.0/../../../../riscv-none-embed/lib/rv32im/ilp32\libc.a
END GROUP
LOAD c:/efinity/efinity-riscv-ide-2023.1.3/toolchain/bin/../lib/gcc/riscv-none-embed/8.3.0/rv32im/ilp32\libgcc.a
START GROUP
LOAD c:/efinity/efinity-riscv-ide-2023.1.3/toolchain/bin/../lib/gcc/riscv-none-embed/8.3.0/rv32im/ilp32\libgcc.a
LOAD c:/efinity/efinity-riscv-ide-2023.1.3/toolchain/bin/../lib/gcc/riscv-none-embed/8.3.0/../../../../riscv-none-embed/lib/rv32im/ilp32\libc.a
LOAD c:/efinity/efinity-riscv-ide-2023.1.3/toolchain/bin/../lib/gcc/riscv-none-embed/8.3.0/../../../../riscv-none-embed/lib/rv32im/ilp32\libnosys.a
END GROUP
OUTPUT(build/bootloader_Trinita.elf elf32-littleriscv)

.debug_info     0x0000000000000000     0x145b
 .debug_info    0x0000000000000000     0x1435 build/obj_files/main.o
 .debug_info    0x0000000000001435       0x26 build/obj_files/start.o

.debug_abbrev   0x0000000000000000      0x3fe
 .debug_abbrev  0x0000000000000000      0x3ea build/obj_files/main.o
 .debug_abbrev  0x00000000000003ea       0x14 build/obj_files/start.o

.debug_loc      0x0000000000000000      0x75c
 .debug_loc     0x0000000000000000      0x75c build/obj_files/main.o

.debug_aranges  0x0000000000000000       0x40
 .debug_aranges
                0x0000000000000000       0x20 build/obj_files/main.o
 .debug_aranges
                0x0000000000000020       0x20 build/obj_files/start.o

.debug_ranges   0x0000000000000000       0x18
 .debug_ranges  0x0000000000000000       0x18 build/obj_files/main.o

.debug_macro    0x0000000000000000     0x1e5b
 .debug_macro   0x0000000000000000      0x1f1 build/obj_files/main.o
 .debug_macro   0x00000000000001f1      0x760 build/obj_files/main.o
 .debug_macro   0x0000000000000951       0x22 build/obj_files/main.o
 .debug_macro   0x0000000000000973       0x8e build/obj_files/main.o
 .debug_macro   0x0000000000000a01       0x51 build/obj_files/main.o
 .debug_macro   0x0000000000000a52      0x103 build/obj_files/main.o
 .debug_macro   0x0000000000000b55       0x6a build/obj_files/main.o
 .debug_macro   0x0000000000000bbf      0x1df build/obj_files/main.o
 .debug_macro   0x0000000000000d9e       0xc4 build/obj_files/main.o
 .debug_macro   0x0000000000000e62      0x18a build/obj_files/main.o
 .debug_macro   0x0000000000000fec       0x10 build/obj_files/main.o
 .debug_macro   0x0000000000000ffc       0x1c build/obj_files/main.o
 .debug_macro   0x0000000000001018       0x16 build/obj_files/main.o
 .debug_macro   0x000000000000102e      0x1b8 build/obj_files/main.o
 .debug_macro   0x00000000000011e6       0x16 build/obj_files/main.o
 .debug_macro   0x00000000000011fc       0xb2 build/obj_files/main.o
 .debug_macro   0x00000000000012ae       0x58 build/obj_files/main.o
 .debug_macro   0x0000000000001306       0x19 build/obj_files/main.o
 .debug_macro   0x000000000000131f       0x52 build/obj_files/main.o
 .debug_macro   0x0000000000001371       0x34 build/obj_files/main.o
 .debug_macro   0x00000000000013a5       0x34 build/obj_files/main.o
 .debug_macro   0x00000000000013d9       0x16 build/obj_files/main.o
 .debug_macro   0x00000000000013ef      0x10e build/obj_files/main.o
 .debug_macro   0x00000000000014fd       0x8d build/obj_files/main.o
 .debug_macro   0x000000000000158a       0x16 build/obj_files/main.o
 .debug_macro   0x00000000000015a0       0x43 build/obj_files/main.o
 .debug_macro   0x00000000000015e3       0x34 build/obj_files/main.o
 .debug_macro   0x0000000000001617       0x10 build/obj_files/main.o
 .debug_macro   0x0000000000001627       0x52 build/obj_files/main.o
 .debug_macro   0x0000000000001679      0x182 build/obj_files/main.o
 .debug_macro   0x00000000000017fb      0x339 build/obj_files/main.o
 .debug_macro   0x0000000000001b34       0x16 build/obj_files/main.o
 .debug_macro   0x0000000000001b4a       0x29 build/obj_files/main.o
 .debug_macro   0x0000000000001b73      0x1a9 build/obj_files/main.o
 .debug_macro   0x0000000000001d1c       0x16 build/obj_files/main.o
 .debug_macro   0x0000000000001d32       0x35 build/obj_files/main.o
 .debug_macro   0x0000000000001d67       0x82 build/obj_files/main.o
 .debug_macro   0x0000000000001de9       0x2e build/obj_files/main.o
 .debug_macro   0x0000000000001e17       0x10 build/obj_files/main.o
 .debug_macro   0x0000000000001e27       0x34 build/obj_files/main.o

.debug_line     0x0000000000000000      0xb04
 .debug_line    0x0000000000000000      0xa4a build/obj_files/main.o
 .debug_line    0x0000000000000a4a       0xba build/obj_files/start.o

.debug_str      0x0000000000000000     0x8bf9
 .debug_str     0x0000000000000000     0x8bdb build/obj_files/main.o
                                       0x8ea6 (size before relaxing)
 .debug_str     0x0000000000008bdb       0x1e build/obj_files/start.o
                                         0x90 (size before relaxing)

.comment        0x0000000000000000       0x33
 .comment       0x0000000000000000       0x33 build/obj_files/main.o
                                         0x34 (size before relaxing)

.debug_frame    0x0000000000000000      0x28c
 .debug_frame   0x0000000000000000      0x250 build/obj_files/main.o
 .debug_frame   0x0000000000000250       0x3c c:/efinity/efinity-riscv-ide-2023.1.3/toolchain/bin/../lib/gcc/riscv-none-embed/8.3.0/../../../../riscv-none-embed/lib/rv32im/ilp32\libc.a(lib_a-init.o)
