
Discarded input sections

 .group         0x0000000000000000        0xc build/obj_files/main.o
 .group         0x0000000000000000        0xc build/obj_files/main.o
 .group         0x0000000000000000        0xc build/obj_files/main.o
 .group         0x0000000000000000        0xc build/obj_files/main.o
 .group         0x0000000000000000        0xc build/obj_files/main.o
 .group         0x0000000000000000        0xc build/obj_files/main.o
 .group         0x0000000000000000        0xc build/obj_files/main.o
 .group         0x0000000000000000        0xc build/obj_files/main.o
 .group         0x0000000000000000        0xc build/obj_files/main.o
 .group         0x0000000000000000        0xc build/obj_files/main.o
 .group         0x0000000000000000        0xc build/obj_files/main.o
 .group         0x0000000000000000        0xc build/obj_files/main.o
 .group         0x0000000000000000        0xc build/obj_files/main.o
 .group         0x0000000000000000        0xc build/obj_files/main.o
 .group         0x0000000000000000        0xc build/obj_files/main.o
 .group         0x0000000000000000        0xc build/obj_files/main.o
 .group         0x0000000000000000        0xc build/obj_files/main.o
 .group         0x0000000000000000        0xc build/obj_files/main.o
 .group         0x0000000000000000        0xc build/obj_files/main.o
 .group         0x0000000000000000        0xc build/obj_files/main.o
 .group         0x0000000000000000        0xc build/obj_files/main.o
 .group         0x0000000000000000        0xc build/obj_files/main.o
 .group         0x0000000000000000        0xc build/obj_files/main.o
 .group         0x0000000000000000        0xc build/obj_files/main.o
 .group         0x0000000000000000        0xc build/obj_files/main.o
 .group         0x0000000000000000        0xc build/obj_files/main.o
 .group         0x0000000000000000        0xc build/obj_files/main.o
 .group         0x0000000000000000        0xc build/obj_files/main.o
 .group         0x0000000000000000        0xc build/obj_files/main.o
 .group         0x0000000000000000        0xc build/obj_files/main.o
 .group         0x0000000000000000        0xc build/obj_files/main.o
 .group         0x0000000000000000        0xc build/obj_files/main.o
 .group         0x0000000000000000        0xc build/obj_files/main.o
 .group         0x0000000000000000        0xc build/obj_files/main.o
 .group         0x0000000000000000        0xc build/obj_files/main.o
 .group         0x0000000000000000        0xc build/obj_files/main.o

Memory Configuration

Name             Origin             Length             Attributes
ROM              0x00000000f9007800 0x0000000000000800 xr
RAM              0x00000000f9087800 0x0000000000000800 xrw
*default*        0x0000000000000000 0xffffffffffffffff

Linker script and memory map

LOAD build/obj_files/main.o
LOAD build/obj_files/start.o
LOAD c:/efinity/efinity-riscv-ide-2022.2.3/toolchain/bin/../lib/gcc/riscv-none-embed/8.3.0/../../../../riscv-none-embed/lib/rv32im/ilp32\libc.a
LOAD c:/efinity/efinity-riscv-ide-2022.2.3/toolchain/bin/../lib/gcc/riscv-none-embed/8.3.0/rv32im/ilp32\libgcc.a
                0x00000000f9007800                . = 0xf9007800

.text.init      0x00000000f9007800       0x40
 .text.init     0x00000000f9007800       0x40 build/obj_files/start.o
                0x00000000f9007800                _start
                0x0000000000000040                . = 0x40

.text           0x00000000f9007840      0x47c
 .text          0x00000000f9007840      0x47c build/obj_files/main.o
                0x00000000f9007c20                bspMain
                0x00000000f9007ca4                main
 .text          0x00000000f9007cbc        0x0 build/obj_files/start.o

.rela.dyn       0x00000000f9007cbc        0x0
 .rela.text.init
                0x00000000f9007cbc        0x0 build/obj_files/main.o
                0x00000000f9087800                . = 0xf9087800
                0x00000000f9087800                . = ALIGN (0x4)

.rodata
                0x00000000f9087800                . = ALIGN (0x4)

.data           0x00000000f9087800        0x0
 .data          0x00000000f9087800        0x0 build/obj_files/main.o
 .data          0x00000000f9087800        0x0 build/obj_files/start.o
                0x00000000f9087800                . = ALIGN (0x4)
                0x00000000f9087800                _bss_start = .

.bss            0x00000000f9087800        0x0
 .bss           0x00000000f9087800        0x0 build/obj_files/main.o
 .bss           0x00000000f9087800        0x0 build/obj_files/start.o
                0x00000000f9087800                . = ALIGN (0x4)
                0x00000000f9087800                _bss_end = .
                0x00000000f9087800                . = ALIGN (0x4)
                0x00000000f9087800                end = .
                0x00000000f9087800                _end = .
LOAD c:/efinity/efinity-riscv-ide-2022.2.3/toolchain/bin/../lib/gcc/riscv-none-embed/8.3.0/../../../../riscv-none-embed/lib/rv32im/ilp32\libm.a
LOAD c:/efinity/efinity-riscv-ide-2022.2.3/toolchain/bin/../lib/gcc/riscv-none-embed/8.3.0/rv32im/ilp32\libgcc.a
START GROUP
LOAD c:/efinity/efinity-riscv-ide-2022.2.3/toolchain/bin/../lib/gcc/riscv-none-embed/8.3.0/rv32im/ilp32\libgcc.a
LOAD c:/efinity/efinity-riscv-ide-2022.2.3/toolchain/bin/../lib/gcc/riscv-none-embed/8.3.0/../../../../riscv-none-embed/lib/rv32im/ilp32\libg.a
LOAD c:/efinity/efinity-riscv-ide-2022.2.3/toolchain/bin/../lib/gcc/riscv-none-embed/8.3.0/../../../../riscv-none-embed/lib/rv32im/ilp32\libc.a
END GROUP
LOAD c:/efinity/efinity-riscv-ide-2022.2.3/toolchain/bin/../lib/gcc/riscv-none-embed/8.3.0/rv32im/ilp32\libgcc.a
START GROUP
LOAD c:/efinity/efinity-riscv-ide-2022.2.3/toolchain/bin/../lib/gcc/riscv-none-embed/8.3.0/rv32im/ilp32\libgcc.a
LOAD c:/efinity/efinity-riscv-ide-2022.2.3/toolchain/bin/../lib/gcc/riscv-none-embed/8.3.0/../../../../riscv-none-embed/lib/rv32im/ilp32\libc.a
LOAD c:/efinity/efinity-riscv-ide-2022.2.3/toolchain/bin/../lib/gcc/riscv-none-embed/8.3.0/../../../../riscv-none-embed/lib/rv32im/ilp32\libnosys.a
END GROUP
OUTPUT(build/bootloader.elf elf32-littleriscv)

.debug_info     0x0000000000000000     0x13f0
 .debug_info    0x0000000000000000     0x13ca build/obj_files/main.o
 .debug_info    0x00000000000013ca       0x26 build/obj_files/start.o

.debug_abbrev   0x0000000000000000      0x3c2
 .debug_abbrev  0x0000000000000000      0x3ae build/obj_files/main.o
 .debug_abbrev  0x00000000000003ae       0x14 build/obj_files/start.o

.debug_loc      0x0000000000000000      0x725
 .debug_loc     0x0000000000000000      0x725 build/obj_files/main.o

.debug_aranges  0x0000000000000000       0x40
 .debug_aranges
                0x0000000000000000       0x20 build/obj_files/main.o
 .debug_aranges
                0x0000000000000020       0x20 build/obj_files/start.o

.debug_ranges   0x0000000000000000       0x18
 .debug_ranges  0x0000000000000000       0x18 build/obj_files/main.o

.debug_macro    0x0000000000000000     0x1c20
 .debug_macro   0x0000000000000000      0x1ca build/obj_files/main.o
 .debug_macro   0x00000000000001ca      0x760 build/obj_files/main.o
 .debug_macro   0x000000000000092a       0x22 build/obj_files/main.o
 .debug_macro   0x000000000000094c       0x8e build/obj_files/main.o
 .debug_macro   0x00000000000009da       0x51 build/obj_files/main.o
 .debug_macro   0x0000000000000a2b      0x103 build/obj_files/main.o
 .debug_macro   0x0000000000000b2e       0x6a build/obj_files/main.o
 .debug_macro   0x0000000000000b98      0x1df build/obj_files/main.o
 .debug_macro   0x0000000000000d77       0xc4 build/obj_files/main.o
 .debug_macro   0x0000000000000e3b      0x15a build/obj_files/main.o
 .debug_macro   0x0000000000000f95       0x10 build/obj_files/main.o
 .debug_macro   0x0000000000000fa5       0x1c build/obj_files/main.o
 .debug_macro   0x0000000000000fc1       0x16 build/obj_files/main.o
 .debug_macro   0x0000000000000fd7       0xac build/obj_files/main.o
 .debug_macro   0x0000000000001083       0x58 build/obj_files/main.o
 .debug_macro   0x00000000000010db       0x19 build/obj_files/main.o
 .debug_macro   0x00000000000010f4       0x52 build/obj_files/main.o
 .debug_macro   0x0000000000001146       0x34 build/obj_files/main.o
 .debug_macro   0x000000000000117a       0x34 build/obj_files/main.o
 .debug_macro   0x00000000000011ae       0x16 build/obj_files/main.o
 .debug_macro   0x00000000000011c4      0x10e build/obj_files/main.o
 .debug_macro   0x00000000000012d2       0x8d build/obj_files/main.o
 .debug_macro   0x000000000000135f       0x16 build/obj_files/main.o
 .debug_macro   0x0000000000001375       0x43 build/obj_files/main.o
 .debug_macro   0x00000000000013b8       0x34 build/obj_files/main.o
 .debug_macro   0x00000000000013ec       0x10 build/obj_files/main.o
 .debug_macro   0x00000000000013fc       0x52 build/obj_files/main.o
 .debug_macro   0x000000000000144e      0x182 build/obj_files/main.o
 .debug_macro   0x00000000000015d0      0x339 build/obj_files/main.o
 .debug_macro   0x0000000000001909       0x16 build/obj_files/main.o
 .debug_macro   0x000000000000191f       0x29 build/obj_files/main.o
 .debug_macro   0x0000000000001948      0x1a9 build/obj_files/main.o
 .debug_macro   0x0000000000001af1       0x16 build/obj_files/main.o
 .debug_macro   0x0000000000001b07       0x35 build/obj_files/main.o
 .debug_macro   0x0000000000001b3c       0x82 build/obj_files/main.o
 .debug_macro   0x0000000000001bbe       0x2e build/obj_files/main.o
 .debug_macro   0x0000000000001bec       0x34 build/obj_files/main.o

.debug_line     0x0000000000000000      0xa54
 .debug_line    0x0000000000000000      0x9d2 build/obj_files/main.o
 .debug_line    0x00000000000009d2       0x82 build/obj_files/start.o

.debug_str      0x0000000000000000     0x7f22
 .debug_str     0x0000000000000000     0x7f0a build/obj_files/main.o
                                       0x81d5 (size before relaxing)
 .debug_str     0x0000000000007f0a       0x18 build/obj_files/start.o
                                         0x7b (size before relaxing)

.comment        0x0000000000000000       0x33
 .comment       0x0000000000000000       0x33 build/obj_files/main.o
                                         0x34 (size before relaxing)

.debug_frame    0x0000000000000000      0x228
 .debug_frame   0x0000000000000000      0x228 build/obj_files/main.o
