Archive member included to satisfy reference by file (symbol)

c:/efinity/efinity-riscv-ide-2023.2/toolchain/bin/../lib/gcc/riscv-none-embed/8.3.0/../../../../riscv-none-embed/lib/rv32im/ilp32\libc.a(lib_a-init.o)
                              build/obj_files/start.o (__libc_init_array)

Discarded input sections

 .group         0x0000000000000000        0xc build/obj_files/main.o
 .group         0x0000000000000000        0xc build/obj_files/main.o
 .group         0x0000000000000000        0xc build/obj_files/main.o
 .group         0x0000000000000000        0xc build/obj_files/main.o
 .group         0x0000000000000000        0xc build/obj_files/main.o
 .group         0x0000000000000000        0xc build/obj_files/main.o
 .group         0x0000000000000000        0xc build/obj_files/main.o
 .group         0x0000000000000000        0xc build/obj_files/main.o
 .group         0x0000000000000000        0xc build/obj_files/main.o
 .group         0x0000000000000000        0xc build/obj_files/main.o
 .group         0x0000000000000000        0xc build/obj_files/main.o
 .group         0x0000000000000000        0xc build/obj_files/main.o
 .group         0x0000000000000000        0xc build/obj_files/main.o
 .group         0x0000000000000000        0xc build/obj_files/main.o
 .group         0x0000000000000000        0xc build/obj_files/main.o
 .group         0x0000000000000000        0xc build/obj_files/main.o
 .group         0x0000000000000000        0xc build/obj_files/main.o
 .group         0x0000000000000000        0xc build/obj_files/main.o
 .group         0x0000000000000000        0xc build/obj_files/main.o
 .group         0x0000000000000000        0xc build/obj_files/main.o
 .group         0x0000000000000000        0xc build/obj_files/main.o
 .group         0x0000000000000000        0xc build/obj_files/main.o
 .group         0x0000000000000000        0xc build/obj_files/main.o
 .group         0x0000000000000000        0xc build/obj_files/main.o
 .group         0x0000000000000000        0xc build/obj_files/main.o
 .group         0x0000000000000000        0xc build/obj_files/main.o
 .group         0x0000000000000000        0xc build/obj_files/main.o
 .group         0x0000000000000000        0xc build/obj_files/main.o
 .group         0x0000000000000000        0xc build/obj_files/main.o
 .group         0x0000000000000000        0xc build/obj_files/main.o
 .group         0x0000000000000000        0xc build/obj_files/main.o
 .group         0x0000000000000000        0xc build/obj_files/main.o
 .group         0x0000000000000000        0xc build/obj_files/main.o
 .group         0x0000000000000000        0xc build/obj_files/main.o
 .group         0x0000000000000000        0xc build/obj_files/main.o
 .group         0x0000000000000000        0xc build/obj_files/main.o
 .group         0x0000000000000000        0xc build/obj_files/main.o

Memory Configuration

Name             Origin             Length             Attributes
rom              0x00000000f9000000 0x0000000000001000 xr
ram              0x00000000f9080000 0x0000000000001000 axwl !r
*default*        0x0000000000000000 0xffffffffffffffff

Linker script and memory map

LOAD build/obj_files/main.o
LOAD build/obj_files/start.o
LOAD build/obj_files/trap.o
LOAD c:/efinity/efinity-riscv-ide-2023.2/toolchain/bin/../lib/gcc/riscv-none-embed/8.3.0/../../../../riscv-none-embed/lib/rv32im/ilp32\libc.a
LOAD c:/efinity/efinity-riscv-ide-2023.2/toolchain/bin/../lib/gcc/riscv-none-embed/8.3.0/rv32im/ilp32\libgcc.a
                0x0000000000000200                __stack_size = DEFINED (__stack_size)?__stack_size:0x200
                0x00000000f9000000                . = 0xf9000000

.rom_section.init
                0x00000000f9000000       0x60
 *(SORT_NONE(.init))
 .init          0x00000000f9000000       0x60 build/obj_files/start.o
                0x00000000f9000000                _start
                0x00000000f900005c                _init

.rom_section.text
                0x00000000f9000060      0x788
 *(.text.Proc_1)
 *(.text.Proc_2)
 *(.text.Proc_3)
 *(.text.Proc_4)
 *(.text.Proc_5)
 *(.text.Proc_6)
 *(.text.Proc_7)
 *(.text.Proc_8)
 *(.text.Func_1)
 *(.text.Func_2)
 *(.text.Func_3)
 *(.text.strcpy)
 *libc.a:*(.text .text.*)
 .text          0x00000000f9000060        0x0 c:/efinity/efinity-riscv-ide-2023.2/toolchain/bin/../lib/gcc/riscv-none-embed/8.3.0/../../../../riscv-none-embed/lib/rv32im/ilp32\libc.a(lib_a-init.o)
 .text.__libc_init_array
                0x00000000f9000060       0x94 c:/efinity/efinity-riscv-ide-2023.2/toolchain/bin/../lib/gcc/riscv-none-embed/8.3.0/../../../../riscv-none-embed/lib/rv32im/ilp32\libc.a(lib_a-init.o)
                0x00000000f9000060                __libc_init_array
 *(.text.main)
 *(.text.unlikely .text.unlikely.*)
 *(.text.startup .text.startup.*)
 *(.text .text.*)
 .text          0x00000000f90000f4      0x664 build/obj_files/main.o
                0x00000000f9000588                init
                0x00000000f9000608                crash
                0x00000000f9000620                externalInterrupt
                0x00000000f900067c                trap
                0x00000000f90006b0                main
 .text          0x00000000f9000758        0x0 build/obj_files/start.o
 .text          0x00000000f9000758       0x90 build/obj_files/trap.o
                0x00000000f9000758                trap_entry
 *(.gnu.linkonce.t.*)
 *(.note.gnu.build-id)

.rela.dyn       0x00000000f90007e8        0x0
 .rela.init     0x00000000f90007e8        0x0 build/obj_files/main.o
 .rela.text.__libc_init_array
                0x00000000f90007e8        0x0 build/obj_files/main.o

.rom_section.fini
 *(SORT_NONE(.fini))
                [!provide]                        PROVIDE (__etext = .)
                [!provide]                        PROVIDE (_etext = .)
                [!provide]                        PROVIDE (etext = .)
                0x00000000f90007e8                . = ALIGN (0x4)
                0x00000000f9080000                . = 0xf9080000

.ram_section.preinit_array
                0x00000000f9080000        0x0
                0x00000000f9080000                PROVIDE (__preinit_array_start = .)
 *(.preinit_array)
                0x00000000f9080000                PROVIDE (__preinit_array_end = .)

.ram_section.init_array
                0x00000000f9080000        0x0
                0x00000000f9080000                PROVIDE (__init_array_start = .)
 *(SORT_BY_INIT_PRIORITY(.init_array.*) SORT_BY_INIT_PRIORITY(.ctors.*))
 *(.init_array EXCLUDE_FILE(*crtend?.o *crtend.o *crtbegin?.o *crtbegin.o) .ctors)
                0x00000000f9080000                PROVIDE (__init_array_end = .)

.ram_section.fini_array
                0x00000000f9080000        0x0
                [!provide]                        PROVIDE (__fini_array_start = .)
 *(SORT_BY_INIT_PRIORITY(.fini_array.*) SORT_BY_INIT_PRIORITY(.dtors.*))
 *(.fini_array EXCLUDE_FILE(*crtend?.o *crtend.o *crtbegin?.o *crtbegin.o) .dtors)
                [!provide]                        PROVIDE (__fini_array_end = .)

.ram_section.ctors
 *crtbegin.o(.ctors)
 *crtbegin?.o(.ctors)
 *(EXCLUDE_FILE(*crtend?.o *crtend.o) .ctors)
 *(SORT_BY_NAME(.ctors.*))
 *(.ctors)

.ram_section.dtors
 *crtbegin.o(.dtors)
 *crtbegin?.o(.dtors)
 *(EXCLUDE_FILE(*crtend?.o *crtend.o) .dtors)
 *(SORT_BY_NAME(.dtors.*))
 *(.dtors)

.ram_section.lalign
                0x00000000f9080000        0x0
                0x00000000f9080000                . = ALIGN (0x4)
                0x00000000f9080000                PROVIDE (_data_lma = .)

.ram_section.dalign
                0x00000000f9080000        0x0
                0x00000000f9080000                . = ALIGN (0x4)
                0x00000000f9080000                PROVIDE (_data = .)

.ram_section.data
                0x00000000f9080000      0x18a
 *(.rdata)
 *(.rodata .rodata.*)
 .rodata.str1.4
                0x00000000f9080000      0x180 build/obj_files/main.o
                                        0x17d (size before relaxing)
 *(.gnu.linkonce.r.*)
 *(.data .data.*)
 .data          0x00000000f9080180        0x0 build/obj_files/main.o
 .data          0x00000000f9080180        0x0 build/obj_files/start.o
 .data          0x00000000f9080180        0x0 build/obj_files/trap.o
 .data          0x00000000f9080180        0x0 c:/efinity/efinity-riscv-ide-2023.2/toolchain/bin/../lib/gcc/riscv-none-embed/8.3.0/../../../../riscv-none-embed/lib/rv32im/ilp32\libc.a(lib_a-init.o)
 *(.gnu.linkonce.d.*)
                0x00000000f9080180                . = ALIGN (0x8)
                0x00000000f9080970                PROVIDE (__global_pointer$ = (. + 0x7f0))
 *(.sdata .sdata.*)
 *(.gnu.linkonce.s.*)
                0x00000000f9080180                . = ALIGN (0x8)
 *(.srodata.cst16)
 *(.srodata.cst8)
 *(.srodata.cst4)
 *(.srodata.cst2)
 *(.srodata .srodata.*)
                0x00000000f908018a                . = (. + 0xa)
 *fill*         0x00000000f9080180        0xa 
                0x00000000f908018c                . = ALIGN (0x4)
                0x00000000f908018c                PROVIDE (_edata = .)
                [!provide]                        PROVIDE (edata = .)
                [!provide]                        PROVIDE (_fbss = .)
                0x00000000f908018c                PROVIDE (__bss_start = .)

.ram_section.bss
                0x00000000f908018a        0x2
 *(.sbss*)
 *(.gnu.linkonce.sb.*)
 *(.bss .bss.*)
 .bss           0x00000000f908018a        0x0 build/obj_files/main.o
 .bss           0x00000000f908018a        0x0 build/obj_files/start.o
 .bss           0x00000000f908018a        0x0 build/obj_files/trap.o
 .bss           0x00000000f908018a        0x0 c:/efinity/efinity-riscv-ide-2023.2/toolchain/bin/../lib/gcc/riscv-none-embed/8.3.0/../../../../riscv-none-embed/lib/rv32im/ilp32\libc.a(lib_a-init.o)
 *(.gnu.linkonce.b.*)
 *(COMMON)
                0x00000000f908018c                . = ALIGN (0x4)
 *fill*         0x00000000f908018a        0x2 
                0x00000000f9080190                . = ALIGN (0x8)
                0x00000000f9080190                PROVIDE (_end = .)
                [!provide]                        PROVIDE (end = .)

.ram_section.stack
                0x00000000f9080190      0x200
                [!provide]                        PROVIDE (_heap_end = .)
                0x0000000000000200                . = __stack_size
 *fill*         0x00000000f9080190      0x200 
                0x00000000f9080390                PROVIDE (_sp = .)
                0x00000000f9080390                __freertos_irq_stack_top = .
LOAD c:/efinity/efinity-riscv-ide-2023.2/toolchain/bin/../lib/gcc/riscv-none-embed/8.3.0/../../../../riscv-none-embed/lib/rv32im/ilp32\libm.a
LOAD c:/efinity/efinity-riscv-ide-2023.2/toolchain/bin/../lib/gcc/riscv-none-embed/8.3.0/rv32im/ilp32\libgcc.a
START GROUP
LOAD c:/efinity/efinity-riscv-ide-2023.2/toolchain/bin/../lib/gcc/riscv-none-embed/8.3.0/rv32im/ilp32\libgcc.a
LOAD c:/efinity/efinity-riscv-ide-2023.2/toolchain/bin/../lib/gcc/riscv-none-embed/8.3.0/../../../../riscv-none-embed/lib/rv32im/ilp32\libg.a
LOAD c:/efinity/efinity-riscv-ide-2023.2/toolchain/bin/../lib/gcc/riscv-none-embed/8.3.0/../../../../riscv-none-embed/lib/rv32im/ilp32\libc.a
END GROUP
LOAD c:/efinity/efinity-riscv-ide-2023.2/toolchain/bin/../lib/gcc/riscv-none-embed/8.3.0/rv32im/ilp32\libgcc.a
START GROUP
LOAD c:/efinity/efinity-riscv-ide-2023.2/toolchain/bin/../lib/gcc/riscv-none-embed/8.3.0/rv32im/ilp32\libgcc.a
LOAD c:/efinity/efinity-riscv-ide-2023.2/toolchain/bin/../lib/gcc/riscv-none-embed/8.3.0/../../../../riscv-none-embed/lib/rv32im/ilp32\libc.a
LOAD c:/efinity/efinity-riscv-ide-2023.2/toolchain/bin/../lib/gcc/riscv-none-embed/8.3.0/../../../../riscv-none-embed/lib/rv32im/ilp32\libnosys.a
END GROUP
OUTPUT(build/gpioDemo_Trinita.elf elf32-littleriscv)

.debug_info     0x0000000000000000     0x1664
 .debug_info    0x0000000000000000     0x1618 build/obj_files/main.o
 .debug_info    0x0000000000001618       0x26 build/obj_files/start.o
 .debug_info    0x000000000000163e       0x26 build/obj_files/trap.o

.debug_abbrev   0x0000000000000000      0x3e8
 .debug_abbrev  0x0000000000000000      0x3c0 build/obj_files/main.o
 .debug_abbrev  0x00000000000003c0       0x14 build/obj_files/start.o
 .debug_abbrev  0x00000000000003d4       0x14 build/obj_files/trap.o

.debug_loc      0x0000000000000000      0x850
 .debug_loc     0x0000000000000000      0x850 build/obj_files/main.o

.debug_aranges  0x0000000000000000       0x60
 .debug_aranges
                0x0000000000000000       0x20 build/obj_files/main.o
 .debug_aranges
                0x0000000000000020       0x20 build/obj_files/start.o
 .debug_aranges
                0x0000000000000040       0x20 build/obj_files/trap.o

.debug_ranges   0x0000000000000000       0x20
 .debug_ranges  0x0000000000000000       0x20 build/obj_files/main.o

.debug_macro    0x0000000000000000     0x1d89
 .debug_macro   0x0000000000000000      0x1e7 build/obj_files/main.o
 .debug_macro   0x00000000000001e7      0x760 build/obj_files/main.o
 .debug_macro   0x0000000000000947       0x22 build/obj_files/main.o
 .debug_macro   0x0000000000000969       0x8e build/obj_files/main.o
 .debug_macro   0x00000000000009f7       0x51 build/obj_files/main.o
 .debug_macro   0x0000000000000a48      0x103 build/obj_files/main.o
 .debug_macro   0x0000000000000b4b       0x6a build/obj_files/main.o
 .debug_macro   0x0000000000000bb5      0x1df build/obj_files/main.o
 .debug_macro   0x0000000000000d94      0x15a build/obj_files/main.o
 .debug_macro   0x0000000000000eee       0xc4 build/obj_files/main.o
 .debug_macro   0x0000000000000fb2       0x10 build/obj_files/main.o
 .debug_macro   0x0000000000000fc2       0x1c build/obj_files/main.o
 .debug_macro   0x0000000000000fde       0x16 build/obj_files/main.o
 .debug_macro   0x0000000000000ff4      0x1b8 build/obj_files/main.o
 .debug_macro   0x00000000000011ac       0x16 build/obj_files/main.o
 .debug_macro   0x00000000000011c2       0xb2 build/obj_files/main.o
 .debug_macro   0x0000000000001274       0x58 build/obj_files/main.o
 .debug_macro   0x00000000000012cc       0x19 build/obj_files/main.o
 .debug_macro   0x00000000000012e5       0x52 build/obj_files/main.o
 .debug_macro   0x0000000000001337       0x34 build/obj_files/main.o
 .debug_macro   0x000000000000136b       0x34 build/obj_files/main.o
 .debug_macro   0x000000000000139f       0x16 build/obj_files/main.o
 .debug_macro   0x00000000000013b5      0x10e build/obj_files/main.o
 .debug_macro   0x00000000000014c3       0x8d build/obj_files/main.o
 .debug_macro   0x0000000000001550       0x16 build/obj_files/main.o
 .debug_macro   0x0000000000001566       0x43 build/obj_files/main.o
 .debug_macro   0x00000000000015a9       0x34 build/obj_files/main.o
 .debug_macro   0x00000000000015dd       0x10 build/obj_files/main.o
 .debug_macro   0x00000000000015ed       0x52 build/obj_files/main.o
 .debug_macro   0x000000000000163f      0x182 build/obj_files/main.o
 .debug_macro   0x00000000000017c1      0x339 build/obj_files/main.o
 .debug_macro   0x0000000000001afa       0x16 build/obj_files/main.o
 .debug_macro   0x0000000000001b10       0x29 build/obj_files/main.o
 .debug_macro   0x0000000000001b39      0x1a9 build/obj_files/main.o
 .debug_macro   0x0000000000001ce2       0x16 build/obj_files/main.o
 .debug_macro   0x0000000000001cf8       0x35 build/obj_files/main.o
 .debug_macro   0x0000000000001d2d       0x2e build/obj_files/main.o
 .debug_macro   0x0000000000001d5b       0x2e build/obj_files/main.o

.debug_line     0x0000000000000000      0xfef
 .debug_line    0x0000000000000000      0xe24 build/obj_files/main.o
 .debug_line    0x0000000000000e24       0xba build/obj_files/start.o
 .debug_line    0x0000000000000ede      0x111 build/obj_files/trap.o

.debug_str      0x0000000000000000     0x88d7
 .debug_str     0x0000000000000000     0x88a8 build/obj_files/main.o
                                       0x8b93 (size before relaxing)
 .debug_str     0x00000000000088a8       0x1e build/obj_files/start.o
                                         0x8a (size before relaxing)
 .debug_str     0x00000000000088c6       0x11 build/obj_files/trap.o
                                         0x89 (size before relaxing)

.comment        0x0000000000000000       0x33
 .comment       0x0000000000000000       0x33 build/obj_files/main.o
                                         0x34 (size before relaxing)

.debug_frame    0x0000000000000000      0x2ac
 .debug_frame   0x0000000000000000      0x270 build/obj_files/main.o
 .debug_frame   0x0000000000000270       0x3c c:/efinity/efinity-riscv-ide-2023.2/toolchain/bin/../lib/gcc/riscv-none-embed/8.3.0/../../../../riscv-none-embed/lib/rv32im/ilp32\libc.a(lib_a-init.o)
