
Discarded input sections

 .group         0x0000000000000000        0xc build/obj_files/main.o
 .group         0x0000000000000000        0xc build/obj_files/main.o
 .group         0x0000000000000000        0xc build/obj_files/main.o
 .group         0x0000000000000000        0xc build/obj_files/main.o
 .group         0x0000000000000000        0xc build/obj_files/main.o
 .group         0x0000000000000000        0xc build/obj_files/main.o
 .group         0x0000000000000000        0xc build/obj_files/main.o
 .group         0x0000000000000000        0xc build/obj_files/main.o
 .group         0x0000000000000000        0xc build/obj_files/main.o
 .group         0x0000000000000000        0xc build/obj_files/main.o
 .group         0x0000000000000000        0xc build/obj_files/main.o
 .group         0x0000000000000000        0xc build/obj_files/main.o
 .group         0x0000000000000000        0xc build/obj_files/main.o
 .group         0x0000000000000000        0xc build/obj_files/main.o
 .group         0x0000000000000000        0xc build/obj_files/main.o
 .group         0x0000000000000000        0xc build/obj_files/main.o
 .group         0x0000000000000000        0xc build/obj_files/main.o
 .group         0x0000000000000000        0xc build/obj_files/main.o
 .group         0x0000000000000000        0xc build/obj_files/main.o
 .group         0x0000000000000000        0xc build/obj_files/main.o
 .group         0x0000000000000000        0xc build/obj_files/main.o
 .group         0x0000000000000000        0xc build/obj_files/main.o
 .group         0x0000000000000000        0xc build/obj_files/main.o
 .group         0x0000000000000000        0xc build/obj_files/main.o
 .group         0x0000000000000000        0xc build/obj_files/main.o
 .group         0x0000000000000000        0xc build/obj_files/main.o
 .group         0x0000000000000000        0xc build/obj_files/main.o
 .group         0x0000000000000000        0xc build/obj_files/main.o
 .group         0x0000000000000000        0xc build/obj_files/main.o
 .group         0x0000000000000000        0xc build/obj_files/main.o
 .group         0x0000000000000000        0xc build/obj_files/main.o
 .group         0x0000000000000000        0xc build/obj_files/main.o
 .group         0x0000000000000000        0xc build/obj_files/main.o
 .group         0x0000000000000000        0xc build/obj_files/main.o
 .group         0x0000000000000000        0xc build/obj_files/main.o
 .group         0x0000000000000000        0xc build/obj_files/main.o

Memory Configuration

Name             Origin             Length             Attributes
ROM              0x00000000f9000000 0x0000000000008000 xr
RAM              0x00000000f9080000 0x0000000000008000 xrw
*default*        0x0000000000000000 0xffffffffffffffff

Linker script and memory map

LOAD build/obj_files/main.o
LOAD build/obj_files/start.o
LOAD build/obj_files/trap.o
LOAD c:/efinity/efinity-riscv-ide-2022.2.3/toolchain/bin/../lib/gcc/riscv-none-embed/8.3.0/../../../../riscv-none-embed/lib/rv32im/ilp32\libc.a
LOAD c:/efinity/efinity-riscv-ide-2022.2.3/toolchain/bin/../lib/gcc/riscv-none-embed/8.3.0/rv32im/ilp32\libgcc.a
                0x00000000f9000000                . = 0xf9000000

.text.init      0x00000000f9000000       0x40
 .text.init     0x00000000f9000000       0x40 build/obj_files/start.o
                0x00000000f9000000                _start
                0x0000000000000040                . = 0x40

.text           0x00000000f9000040      0x694
 .text          0x00000000f9000040      0x604 build/obj_files/main.o
                0x00000000f90004ac                init
                0x00000000f9000524                crash
                0x00000000f900053c                externalInterrupt
                0x00000000f9000598                trap
                0x00000000f90005cc                main
 .text          0x00000000f9000644        0x0 build/obj_files/start.o
 .text          0x00000000f9000644       0x90 build/obj_files/trap.o
                0x00000000f9000644                trap_entry
                0x00000000f9080000                . = 0xf9080000
                0x00000000f9080000                . = ALIGN (0x4)

.rodata

.rodata.str1.4  0x00000000f9080000       0xd4
 .rodata.str1.4
                0x00000000f9080000       0xd4 build/obj_files/main.o
                                         0xd1 (size before relaxing)

.rela.dyn       0x00000000f90800d4        0x0
 .rela.text.init
                0x00000000f90800d4        0x0 build/obj_files/main.o
                0x00000000f90800d4                . = ALIGN (0x4)

.data           0x00000000f90800d4        0x0
 .data          0x00000000f90800d4        0x0 build/obj_files/main.o
 .data          0x00000000f90800d4        0x0 build/obj_files/start.o
 .data          0x00000000f90800d4        0x0 build/obj_files/trap.o
                0x00000000f90800d4                . = ALIGN (0x4)
                0x00000000f90800d4                _bss_start = .

.bss            0x00000000f90800d4        0x0
 .bss           0x00000000f90800d4        0x0 build/obj_files/main.o
 .bss           0x00000000f90800d4        0x0 build/obj_files/start.o
 .bss           0x00000000f90800d4        0x0 build/obj_files/trap.o
                0x00000000f90800d4                . = ALIGN (0x4)
                0x00000000f90800d4                _bss_end = .
                0x00000000f90800d4                . = ALIGN (0x4)
                0x00000000f90800d4                end = .
                0x00000000f90800d4                _end = .
LOAD c:/efinity/efinity-riscv-ide-2022.2.3/toolchain/bin/../lib/gcc/riscv-none-embed/8.3.0/../../../../riscv-none-embed/lib/rv32im/ilp32\libm.a
LOAD c:/efinity/efinity-riscv-ide-2022.2.3/toolchain/bin/../lib/gcc/riscv-none-embed/8.3.0/rv32im/ilp32\libgcc.a
START GROUP
LOAD c:/efinity/efinity-riscv-ide-2022.2.3/toolchain/bin/../lib/gcc/riscv-none-embed/8.3.0/rv32im/ilp32\libgcc.a
LOAD c:/efinity/efinity-riscv-ide-2022.2.3/toolchain/bin/../lib/gcc/riscv-none-embed/8.3.0/../../../../riscv-none-embed/lib/rv32im/ilp32\libg.a
LOAD c:/efinity/efinity-riscv-ide-2022.2.3/toolchain/bin/../lib/gcc/riscv-none-embed/8.3.0/../../../../riscv-none-embed/lib/rv32im/ilp32\libc.a
END GROUP
LOAD c:/efinity/efinity-riscv-ide-2022.2.3/toolchain/bin/../lib/gcc/riscv-none-embed/8.3.0/rv32im/ilp32\libgcc.a
START GROUP
LOAD c:/efinity/efinity-riscv-ide-2022.2.3/toolchain/bin/../lib/gcc/riscv-none-embed/8.3.0/rv32im/ilp32\libgcc.a
LOAD c:/efinity/efinity-riscv-ide-2022.2.3/toolchain/bin/../lib/gcc/riscv-none-embed/8.3.0/../../../../riscv-none-embed/lib/rv32im/ilp32\libc.a
LOAD c:/efinity/efinity-riscv-ide-2022.2.3/toolchain/bin/../lib/gcc/riscv-none-embed/8.3.0/../../../../riscv-none-embed/lib/rv32im/ilp32\libnosys.a
END GROUP
OUTPUT(build/gpioDemo.elf elf32-littleriscv)

.debug_info     0x0000000000000000     0x1598
 .debug_info    0x0000000000000000     0x154c build/obj_files/main.o
 .debug_info    0x000000000000154c       0x26 build/obj_files/start.o
 .debug_info    0x0000000000001572       0x26 build/obj_files/trap.o

.debug_abbrev   0x0000000000000000      0x3e8
 .debug_abbrev  0x0000000000000000      0x3c0 build/obj_files/main.o
 .debug_abbrev  0x00000000000003c0       0x14 build/obj_files/start.o
 .debug_abbrev  0x00000000000003d4       0x14 build/obj_files/trap.o

.debug_loc      0x0000000000000000      0x7fb
 .debug_loc     0x0000000000000000      0x7fb build/obj_files/main.o

.debug_aranges  0x0000000000000000       0x60
 .debug_aranges
                0x0000000000000000       0x20 build/obj_files/main.o
 .debug_aranges
                0x0000000000000020       0x20 build/obj_files/start.o
 .debug_aranges
                0x0000000000000040       0x20 build/obj_files/trap.o

.debug_ranges   0x0000000000000000       0x20
 .debug_ranges  0x0000000000000000       0x20 build/obj_files/main.o

.debug_macro    0x0000000000000000     0x1d54
 .debug_macro   0x0000000000000000      0x1ce build/obj_files/main.o
 .debug_macro   0x00000000000001ce      0x760 build/obj_files/main.o
 .debug_macro   0x000000000000092e       0x22 build/obj_files/main.o
 .debug_macro   0x0000000000000950       0x8e build/obj_files/main.o
 .debug_macro   0x00000000000009de       0x51 build/obj_files/main.o
 .debug_macro   0x0000000000000a2f      0x103 build/obj_files/main.o
 .debug_macro   0x0000000000000b32       0x6a build/obj_files/main.o
 .debug_macro   0x0000000000000b9c      0x1df build/obj_files/main.o
 .debug_macro   0x0000000000000d7b      0x15a build/obj_files/main.o
 .debug_macro   0x0000000000000ed5       0xc4 build/obj_files/main.o
 .debug_macro   0x0000000000000f99       0x10 build/obj_files/main.o
 .debug_macro   0x0000000000000fa9       0x1c build/obj_files/main.o
 .debug_macro   0x0000000000000fc5       0x16 build/obj_files/main.o
 .debug_macro   0x0000000000000fdb       0xac build/obj_files/main.o
 .debug_macro   0x0000000000001087       0x58 build/obj_files/main.o
 .debug_macro   0x00000000000010df       0x19 build/obj_files/main.o
 .debug_macro   0x00000000000010f8       0x52 build/obj_files/main.o
 .debug_macro   0x000000000000114a       0x34 build/obj_files/main.o
 .debug_macro   0x000000000000117e       0x34 build/obj_files/main.o
 .debug_macro   0x00000000000011b2       0x16 build/obj_files/main.o
 .debug_macro   0x00000000000011c8      0x10e build/obj_files/main.o
 .debug_macro   0x00000000000012d6       0x8d build/obj_files/main.o
 .debug_macro   0x0000000000001363       0x16 build/obj_files/main.o
 .debug_macro   0x0000000000001379       0x43 build/obj_files/main.o
 .debug_macro   0x00000000000013bc       0x34 build/obj_files/main.o
 .debug_macro   0x00000000000013f0       0x10 build/obj_files/main.o
 .debug_macro   0x0000000000001400       0x52 build/obj_files/main.o
 .debug_macro   0x0000000000001452      0x182 build/obj_files/main.o
 .debug_macro   0x00000000000015d4      0x339 build/obj_files/main.o
 .debug_macro   0x000000000000190d       0x16 build/obj_files/main.o
 .debug_macro   0x0000000000001923       0x29 build/obj_files/main.o
 .debug_macro   0x000000000000194c      0x1a9 build/obj_files/main.o
 .debug_macro   0x0000000000001af5       0x16 build/obj_files/main.o
 .debug_macro   0x0000000000001b0b       0x35 build/obj_files/main.o
 .debug_macro   0x0000000000001b40      0x1b8 build/obj_files/main.o
 .debug_macro   0x0000000000001cf8       0x2e build/obj_files/main.o
 .debug_macro   0x0000000000001d26       0x2e build/obj_files/main.o

.debug_line     0x0000000000000000      0xf2e
 .debug_line    0x0000000000000000      0xd9b build/obj_files/main.o
 .debug_line    0x0000000000000d9b       0x82 build/obj_files/start.o
 .debug_line    0x0000000000000e1d      0x111 build/obj_files/trap.o

.debug_str      0x0000000000000000     0x8813
 .debug_str     0x0000000000000000     0x87a2 build/obj_files/main.o
                                       0x8a8d (size before relaxing)
 .debug_str     0x00000000000087a2       0x60 build/obj_files/start.o
 .debug_str     0x0000000000008802       0x11 build/obj_files/trap.o
                                         0x65 (size before relaxing)

.comment        0x0000000000000000       0x33
 .comment       0x0000000000000000       0x33 build/obj_files/main.o
                                         0x34 (size before relaxing)

.debug_frame    0x0000000000000000      0x238
 .debug_frame   0x0000000000000000      0x238 build/obj_files/main.o
