io_systemClk sampled by 
io_asyncReset sampled by 
jtagCtrl_tck sampled by 
io_systemReset clocked by io_systemClk
jtagCtrl_tdi sampled by jtagCtrl_tck
jtagCtrl_enable sampled by jtagCtrl_tck
jtagCtrl_capture sampled by jtagCtrl_tck
jtagCtrl_shift sampled by jtagCtrl_tck
jtagCtrl_update sampled by 
jtagCtrl_reset sampled by 
jtagCtrl_tdo clocked by jtagCtrl_tck
system_uart_0_io_txd clocked by io_systemClk
system_uart_0_io_rxd sampled by 
system_i2c_1_io_sda_write clocked by io_systemClk
system_i2c_1_io_sda_read sampled by 
system_i2c_1_io_scl_write clocked by io_systemClk
system_i2c_1_io_scl_read sampled by 
system_i2c_0_io_sda_write clocked by io_systemClk
system_i2c_0_io_sda_read sampled by 
system_i2c_0_io_scl_write clocked by io_systemClk
system_i2c_0_io_scl_read sampled by 
system_gpio_0_io_read sampled by io_systemClk
system_gpio_0_io_write clocked by io_systemClk
system_gpio_0_io_writeEnable clocked by io_systemClk
io_apbSlave_0_PADDR clocked by io_systemClk
io_apbSlave_0_PSEL clocked by io_systemClk
io_apbSlave_0_PENABLE clocked by io_systemClk
io_apbSlave_0_PREADY sampled by io_systemClk
io_apbSlave_0_PWRITE clocked by io_systemClk
io_apbSlave_0_PWDATA clocked by io_systemClk
io_apbSlave_0_PRDATA sampled by io_systemClk
io_apbSlave_0_PSLVERROR sampled by io_systemClk
system_spi_1_io_sclk_write clocked by io_systemClk
system_spi_1_io_data_0_writeEnable clocked by io_systemClk
system_spi_1_io_data_0_read sampled by io_systemClk
system_spi_1_io_data_0_write clocked by io_systemClk
system_spi_1_io_data_1_writeEnable clocked by io_systemClk
system_spi_1_io_data_1_read sampled by io_systemClk
system_spi_1_io_data_1_write clocked by io_systemClk
system_spi_1_io_data_2_writeEnable clocked by io_systemClk
system_spi_1_io_data_2_read sampled by io_systemClk
system_spi_1_io_data_2_write clocked by io_systemClk
system_spi_1_io_data_3_writeEnable clocked by io_systemClk
system_spi_1_io_data_3_read sampled by io_systemClk
system_spi_1_io_data_3_write clocked by io_systemClk
system_spi_1_io_ss clocked by io_systemClk
system_spi_0_io_sclk_write clocked by io_systemClk
system_spi_0_io_data_0_writeEnable clocked by io_systemClk
system_spi_0_io_data_0_read sampled by io_systemClk
system_spi_0_io_data_0_write clocked by io_systemClk
system_spi_0_io_data_1_writeEnable clocked by io_systemClk
system_spi_0_io_data_1_read sampled by io_systemClk
system_spi_0_io_data_1_write clocked by io_systemClk
system_spi_0_io_data_2_writeEnable clocked by io_systemClk
system_spi_0_io_data_2_read sampled by io_systemClk
system_spi_0_io_data_2_write clocked by io_systemClk
system_spi_0_io_data_3_writeEnable clocked by io_systemClk
system_spi_0_io_data_3_read sampled by io_systemClk
system_spi_0_io_data_3_write clocked by io_systemClk
system_spi_0_io_ss clocked by io_systemClk
